
> zanezion-concierge@0.0.0 build
> vite build

[36mvite v7.3.1 [32mbuilding client environment for production...[36m[39m
transforming...
[32mΓ£ô[39m 64 modules transformed.
node.exe : [31mΓ£ù[39m 
Build failed in 1.51s
At C:\Program 
Files\nodejs\npm.ps1:29 
char:3
+   & $NODE_EXE $NPM_CLI_JS 
$args
+   
~~~~~~~~~~~~~~~~~~~~~~~~~~~~~
    + CategoryInfo           
   : NotSpecified: ([31mΓ£  
  ù[39m Build failed in 1   
 .51s:String) [], RemoteE    
xception
    + FullyQualifiedErrorId  
   : NativeCommandError
 
[31merror during build:
[31m[vite:css] [postcss] C:/
Kiaan/zanezion/Zanezion/src/i
ndex.css:35:5: The `hover:sha
dow-[0_8px_24px_-4px_rgba(200
,` class does not exist. If `
hover:shadow-[0_8px_24px_-4px
_rgba(200,` is a custom 
class, make sure it is 
defined within a `@layer` 
directive.[31m
file: [36mC:/Kiaan/zanezion/
Zanezion/src/index.css:35:4[
31m
    at Input.error (C:\Kiaan\
zanezion\Zanezion\node_module
s\postcss\lib\input.js:135:16
)
    at AtRule.error (C:\Kiaan
\zanezion\Zanezion\node_modul
es\postcss\lib\node.js:146:32
)
    at processApply (C:\Kiaan
\zanezion\Zanezion\node_modul
es\tailwindcss\lib\lib\expand
ApplyAtRules.js:380:29)
    at C:\Kiaan\zanezion\Zane
zion\node_modules\tailwindcss
\lib\lib\expandApplyAtRules.j
s:538:9
    at C:\Kiaan\zanezion\Zane
zion\node_modules\tailwindcss
\lib\processTailwindFeatures.
js:57:50
    at async plugins (C:\Kiaa
n\zanezion\Zanezion\node_modu
les\tailwindcss\lib\plugin.js
:38:17)
    at async 
LazyResult.runAsync (C:\Kiaan
\zanezion\Zanezion\node_modul
es\postcss\lib\lazy-result.js
:293:11)
    at async runPostCSS (file
:///C:/Kiaan/zanezion/Zanezio
n/node_modules/vite/dist/node
/chunks/config.js:30145:19)
    at async compilePostCSS (
file:///C:/Kiaan/zanezion/Zan
ezion/node_modules/vite/dist/
node/chunks/config.js:30129:6
)
    at async compileCSS (file
:///C:/Kiaan/zanezion/Zanezio
n/node_modules/vite/dist/node
/chunks/config.js:30059:26)[
39m
